[1554141513.598656, {"log":"Simple text\n", "stream":"stdout", "kubernetes":{"pod_name":"stderr", "namespace_name":"annotations-parser", "annotations":{"fluentbit.io/parser_stderr":"default-stderr-parser"}, "container_name":"text"}}]
