[1554141513.598656, {"stream":"stdout", "message":"Simple text", "kubernetes":{"pod_name":"regex-without-time", "namespace_name":"annotations-parser", "annotations":{"fluentbit.io/parser":"regex-parser-without-time"}, "container_name":"text"}}]
