[1554141513.598656, {"stream":"stdout", "message":"Simple text", "kubernetes":{"pod_name":"json-with-time", "namespace_name":"annotations-parser", "annotations":{"fluentbit.io/parser":"json-parser-with-time"}, "container_name":"invalid-json-2"}}]
