[1554141513.598656, {"stream":"stdout", "default_parser":"Container 5 is logging on stdout", "kubernetes":{"pod_name":"parser-multiple-1", "namespace_name":"annotations", "annotations":{"fluentbit.io/parser-container-1":"container-1-parser", "fluentbit.io/parser_stdout-container-2":"container-2-stdout-parser", "fluentbit.io/parser_stderr-container-2":"container-2-stderr-parser", "fluentbit.io/parser_stdout-container-3":"container-3-stdout-parser", "fluentbit.io/parser_stderr-container-4":"container-4-stderr-parser", "fluentbit.io/parser":"default-parser"}, "container_name":"container-5"}}]
