[1554141513.698657, {"stream":"stderr", "default_stderr_parser":"Simple text", "kubernetes":{"pod_name":"parser-stderr", "namespace_name":"annotations", "annotations":{"fluentbit.io/parser_stderr":"default-stderr-parser"}, "container_name":"text"}}]
