[1554141513.698657, {"log":"Simple text\n", "stream":"stderr", "kubernetes":{"pod_name":"parser-stdout", "namespace_name":"annotations", "annotations":{"fluentbit.io/parser_stdout":"default-stdout-parser"}, "container_name":"text"}}]
