[1554141513.598656, {"stream":"stdout", "default_stdout_parser":"Simple text", "kubernetes":{"pod_name":"parser-stdout", "namespace_name":"annotations", "annotations":{"fluentbit.io/parser_stdout":"default-stdout-parser"}, "container_name":"text"}}]
