[1554141513.598656, {"stream":"stdout", "message":"Simple text", "kubernetes":{"pod_name":"parser-regex-with-time", "namespace_name":"annotations", "annotations":{"fluentbit.io/parser":"regex-parser-with-time"}, "container_name":"invalid-text-2"}}]
