[1554141513.598656, {"log":"Text with embedded quoted \"text with embedded quoted \\\"text with embedded quoted \\\\\\\"text\\\\\\\"\\\"\"\n", "stream":"stdout", "kubernetes":{"pod_name":"merge-log", "namespace_name":"options", "container_name":"escaped-text"}}]
