[1554141513.598656, {"log":"{\"stringified-json\":\"{\\\"stringified-json\\\":\\\"{\\\\\\\"stringified-json\\\\\\\":\\\\\\\"\\\\\\\"}\\\"}\", \"text\":\"quoted \\\"text with embedded quoted \\\\\\\"text\\\\\\\"\\\"\"}\n", "stream":"stdout", "stringified-json":"{\"stringified-json\":\"{\\\"stringified-json\\\":\\\"\\\"}\"}", "text":"quoted \"text with embedded quoted \\\"text\\\"\"", "kubernetes":{"pod_name":"merge-log", "namespace_name":"options", "container_name":"escaped-json"}}]
