[1554141513.598656, {"log":"{\"text\":\"Simple text\n\"}\n", "stream":"stdout", "text":"Simple text\n", "kubernetes":{"pod_name":"merge-log-trim", "namespace_name":"options", "container_name":"disable"}}]
